// Jest Snapshot v1, https://goo.gl/fbAQLP

exports[`Summary Component matches snapshot 1`] = `
<div class="summary">
  <h2 class="title">
    Summary
  </h2>
  <ul class="list">
    <li class="entry entry--is-active"><button type="button" class="button button--is-active">
        Cat Damon
      </button>
      <dl class="detail">
        <dd class="key">
          First name
        </dd>
        <dd class="value">
          Cat
        </dd>
      </dl>
      <dl class="detail">
        <dd class="key">
          Last name
        </dd>
        <dd class="value">
          Damon
        </dd>
      </dl>
      <dl class="detail">
        <dd class="key">
          E-mail
        </dd>
        <dd class="value">
          catD@mon.com
        </dd>
      </dl>
      <!---->
    </li>
    <li class="entry"><button type="button" class="button">
        Catrick Swayze
      </button>
      <!---->
    </li>
  </ul>
</div>
`;
